    warning: default values for the optional arguments in process_risk_assessment/5 are never used
    │
 77 │   defp process_risk_assessment(application, kyb_result, doc_results, tenant, policy_hash \\ nil) do
    │        ~
    │
    └─ lib/mcp/underwriting/gateway.ex:77:8: Mcp.Underwriting.Gateway (module)

15:33:34.369 [notice]     :alarm_handler: {:set, {:system_memory_high_watermark, []}}
15:33:34.578 [info] Starting Cache RedisClient
15:33:34.578 [info] Starting Cache SessionStore
15:33:34.578 [info] Starting CacheManager with Redis backend
15:33:34.589 [info] Starting Storage ClientFactory with backend: s3, CDN: false
15:33:34.589 [info] Starting Storage FileManager
15:33:34.589 [info] Starting Storage CDNManager
15:33:34.590 [info] [libcluster:postgres_cluster] Connected to Postgres database
15:33:34.609 [info] Starting GDPR Data Retention GenServer
15:33:34.609 [info] GDPR Anonymizer started
Bootstrapping Template Schema: acq_test_template via SetupRepo...
Template Schema acq_test_template ready.
Running ExUnit with seed: 0, max_cases: 4
Excluding tags: [:slow, :integration, :external_api, :performance, :pending_oauth_implementation, :pending_atlas_chat, :pending_mox_setup, :pending_api_key_migration, :skip]

    warning: unused alias VendorSettings
    │
  9 │   alias Mcp.Underwriting.{
    │   ~
    │
    └─ test/mcp/underwriting/uaas_lineage_test.exs:9:3



  1) test full underwriting life-cycle with deterministic lineage (Mcp.Underwriting.UaasLineageTest)
     test/mcp/underwriting/uaas_lineage_test.exs:192
     ** (Ash.Error.Framework) 
     Framework Error

     * Mcp.Underwriting.InstructionSet.update must be performed atomically, but it could not be

     Reason: Ash.Resource.Change.Function does not implement `atomic/3`

     See https://hexdocs.pm/ash/update-actions.html#fully-atomic-updates for more on atomics.

       (ash 3.9.0) lib/ash/error/framework/must_be_atomic.ex:8: Ash.Error.Framework.MustBeAtomic.exception/1
       (ash 3.9.0) lib/ash/actions/update/update.ex:221: Ash.Actions.Update.run/4
       (ash 3.9.0) lib/ash.ex:3639: Ash.update/3
       (ash 3.9.0) lib/ash.ex:3557: Ash.update!/3
       test/mcp/underwriting/uaas_lineage_test.exs:266: Mcp.Underwriting.UaasLineageTest."test full underwriting life-cycle with deterministic lineage"/1
       (ex_unit 1.18.4) lib/ex_unit/runner.ex:511: ExUnit.Runner.exec_test/2
       (stdlib 7.0.2) timer.erl:599: :timer.tc/2
       (ex_unit 1.18.4) lib/ex_unit/runner.ex:433: anonymous fn/6 in ExUnit.Runner.spawn_test_monitor/4
     code: |> Ash.update!(tenant: schema, authorize?: false)
     stacktrace:
       (ash 3.9.0) lib/ash/error/framework.ex:7: Ash.Error.Framework.exception/1
       (ash 3.9.0) /Users/rp/Developer/Base/mcp/deps/splode/lib/splode.ex:264: Ash.Error.to_class/2
       (ash 3.9.0) lib/ash/error/error.ex:112: Ash.Error.to_error_class/2
       (ash 3.9.0) lib/ash.ex:3646: anonymous fn/1 in Ash.update/3
       (ash 3.9.0) lib/ash.ex:3557: Ash.update!/3
       test/mcp/underwriting/uaas_lineage_test.exs:266: (test)

--max-failures reached, aborting test suite
Finished in 0.4 seconds (0.00s async, 0.4s sync)
1 test, 1 failure
[os_mon] cpu supervisor port (cpu_sup): Erlang has closed
[os_mon] memory supervisor port (memsup): Erlang has closed
